// Jest Snapshot v1, https://goo.gl/fbAQLP

exports[`Home Home Page is rendered and matches the snapshot 1`] = `
<div>
  <div
    class="container"
  >
    <h2
      class="welcome"
    >
      Welcome to Our page!
    </h2>
    <p>
      Lorem ipsum dolor sit amet consectetur adipisicing elit. Accusamus, officia. Beatae iusto ut cupiditate molestias doloremque corrupti, in labore dignissimos explicabo iure, eius illum ab quasi ducimus omnis qui! Beatae, blanditiis. Nemo, quam voluptatum recusandae illum assumenda porro architecto a omnis animi velit optio consectetur facilis rerum placeat minus beatae.
    </p>
    <p>
      Lorem ipsum dolor sit amet consectetur adipisicing elit. Accusamus, officia. Beatae iusto ut cupiditate molestias doloremque corrupti, in labore dignissimos explicabo iure, eius illum ab quasi ducimus omnis qui! Beatae, blanditiis. Nemo, quam voluptatum recusandae illum assumenda porro architecto a omnis animi velit optio consectetur facilis rerum placeat minus beatae.
    </p>
  </div>
</div>
`;
